hpc: can not find NonExistingModule in ["./.hpc"]
